Collecting ctranslate2==4.8.2
  Using cached ctranslate2-4.8.2-cp313-cp313-win_amd64.whl.metadata (11 kB)
Collecting sentencepiece==0.2.1
  Downloading sentencepiece-0.2.1-cp313-cp313-win_amd64.whl.metadata (10 kB)
Collecting indic-nlp-library==0.92
  Downloading indic_nlp_library-0.92-py3-none-any.whl.metadata (5.7 kB)
Collecting numpy (from ctranslate2==4.8.2)
  Using cached numpy-2.5.3-cp313-cp313-win_amd64.whl.metadata (6.6 kB)
Collecting pyyaml<7,>=5.3 (from ctranslate2==4.8.2)
  Using cached pyyaml-6.0.3-cp313-cp313-win_amd64.whl.metadata (2.4 kB)
Collecting sphinx-argparse (from indic-nlp-library==0.92)
  Using cached sphinx_argparse-0.6.1-py3-none-any.whl.metadata (3.7 kB)
Collecting sphinx-rtd-theme (from indic-nlp-library==0.92)
  Using cached sphinx_rtd_theme-3.1.0-py2.py3-none-any.whl.metadata (4.5 kB)
Collecting morfessor (from indic-nlp-library==0.92)
  Using cached Morfessor-2.0.6-py3-none-any.whl.metadata (628 bytes)
Collecting pandas (from indic-nlp-library==0.92)
  Using cached pandas-3.0.6-cp313-cp313-win_amd64.whl.metadata (19 kB)
Collecting python-dateutil>=2.8.2 (from pandas->indic-nlp-library==0.92)
  Using cached python_dateutil-2.9.0.post0-py2.py3-none-any.whl.metadata (8.4 kB)
Collecting tzdata (from pandas->indic-nlp-library==0.92)
  Downloading tzdata-2026.5-py2.py3-none-any.whl.metadata (1.4 kB)
Collecting six>=1.5 (from python-dateutil>=2.8.2->pandas->indic-nlp-library==0.92)
  Using cached six-1.17.0-py2.py3-none-any.whl.metadata (1.7 kB)
Collecting sphinx>=5.1.0 (from sphinx-argparse->indic-nlp-library==0.92)
  Using cached sphinx-9.1.0-py3-none-any.whl.metadata (5.8 kB)
Collecting docutils>=0.19 (from sphinx-argparse->indic-nlp-library==0.92)
  Using cached docutils-0.23-py3-none-any.whl.metadata (15 kB)
Collecting sphinxcontrib-applehelp>=1.0.7 (from sphinx>=5.1.0->sphinx-argparse->indic-nlp-library==0.92)
  Using cached sphinxcontrib_applehelp-2.0.0-py3-none-any.whl.metadata (2.3 kB)
Collecting sphinxcontrib-devhelp>=1.0.6 (from sphinx>=5.1.0->sphinx-argparse->indic-nlp-library==0.92)
  Using cached sphinxcontrib_devhelp-2.0.0-py3-none-any.whl.metadata (2.3 kB)
Collecting sphinxcontrib-htmlhelp>=2.0.6 (from sphinx>=5.1.0->sphinx-argparse->indic-nlp-library==0.92)
  Using cached sphinxcontrib_htmlhelp-2.1.0-py3-none-any.whl.metadata (2.3 kB)
Collecting sphinxcontrib-jsmath>=1.0.1 (from sphinx>=5.1.0->sphinx-argparse->indic-nlp-library==0.92)
  Using cached sphinxcontrib_jsmath-1.0.1-py2.py3-none-any.whl.metadata (1.4 kB)
Collecting sphinxcontrib-qthelp>=1.0.6 (from sphinx>=5.1.0->sphinx-argparse->indic-nlp-library==0.92)
  Using cached sphinxcontrib_qthelp-2.0.0-py3-none-any.whl.metadata (2.3 kB)
Collecting sphinxcontrib-serializinghtml>=1.1.9 (from sphinx>=5.1.0->sphinx-argparse->indic-nlp-library==0.92)
  Using cached sphinxcontrib_serializinghtml-2.0.0-py3-none-any.whl.metadata (2.4 kB)
Collecting Jinja2>=3.1 (from sphinx>=5.1.0->sphinx-argparse->indic-nlp-library==0.92)
  Using cached jinja2-3.1.6-py3-none-any.whl.metadata (2.9 kB)
Collecting Pygments>=2.17 (from sphinx>=5.1.0->sphinx-argparse->indic-nlp-library==0.92)
  Using cached pygments-2.21.0-py3-none-any.whl.metadata (2.5 kB)
Collecting docutils>=0.19 (from sphinx-argparse->indic-nlp-library==0.92)
  Using cached docutils-0.22.4-py3-none-any.whl.metadata (15 kB)
Collecting snowballstemmer>=2.2 (from sphinx>=5.1.0->sphinx-argparse->indic-nlp-library==0.92)
  Using cached snowballstemmer-3.1.1-py3-none-any.whl.metadata (7.9 kB)
Collecting babel>=2.13 (from sphinx>=5.1.0->sphinx-argparse->indic-nlp-library==0.92)
  Using cached babel-2.18.0-py3-none-any.whl.metadata (2.2 kB)
Collecting alabaster>=0.7.14 (from sphinx>=5.1.0->sphinx-argparse->indic-nlp-library==0.92)
  Using cached alabaster-1.0.0-py3-none-any.whl.metadata (2.8 kB)
Collecting imagesize>=1.3 (from sphinx>=5.1.0->sphinx-argparse->indic-nlp-library==0.92)
  Using cached imagesize-2.0.1-py3-none-any.whl.metadata (7.0 kB)
Collecting requests>=2.30.0 (from sphinx>=5.1.0->sphinx-argparse->indic-nlp-library==0.92)
  Using cached requests-2.34.2-py3-none-any.whl.metadata (4.8 kB)
Collecting roman-numerals>=1.0.0 (from sphinx>=5.1.0->sphinx-argparse->indic-nlp-library==0.92)
  Using cached roman_numerals-4.1.0-py3-none-any.whl.metadata (3.3 kB)
Collecting packaging>=23.0 (from sphinx>=5.1.0->sphinx-argparse->indic-nlp-library==0.92)
  Using cached packaging-26.3-py3-none-any.whl.metadata (3.5 kB)
Collecting colorama>=0.4.6 (from sphinx>=5.1.0->sphinx-argparse->indic-nlp-library==0.92)
  Using cached colorama-0.4.6-py2.py3-none-any.whl.metadata (17 kB)
Collecting MarkupSafe>=2.0 (from Jinja2>=3.1->sphinx>=5.1.0->sphinx-argparse->indic-nlp-library==0.92)
  Downloading markupsafe-3.0.4-cp313-cp313-win_amd64.whl.metadata (2.8 kB)
Collecting charset_normalizer<4,>=2 (from requests>=2.30.0->sphinx>=5.1.0->sphinx-argparse->indic-nlp-library==0.92)
  Downloading charset_normalizer-3.5.2-cp313-cp313-win_amd64.whl.metadata (47 kB)
Collecting idna<4,>=2.5 (from requests>=2.30.0->sphinx>=5.1.0->sphinx-argparse->indic-nlp-library==0.92)
  Using cached idna-3.20-py3-none-any.whl.metadata (7.2 kB)
Collecting urllib3<3,>=1.26 (from requests>=2.30.0->sphinx>=5.1.0->sphinx-argparse->indic-nlp-library==0.92)
  Using cached urllib3-2.8.0-py3-none-any.whl.metadata (7.4 kB)
Collecting certifi>=2023.5.7 (from requests>=2.30.0->sphinx>=5.1.0->sphinx-argparse->indic-nlp-library==0.92)
  Using cached certifi-2026.7.22-py3-none-any.whl.metadata (2.5 kB)
Collecting sphinxcontrib-jquery<5,>=4 (from sphinx-rtd-theme->indic-nlp-library==0.92)
  Using cached sphinxcontrib_jquery-4.1-py2.py3-none-any.whl.metadata (2.6 kB)
Downloading ctranslate2-4.8.2-cp313-cp313-win_amd64.whl (19.2 MB)
   ---------------------------------------- 19.2/19.2 MB 3.1 MB/s  0:00:06
Downloading sentencepiece-0.2.1-cp313-cp313-win_amd64.whl (1.1 MB)
   ---------------------------------------- 1.1/1.1 MB 3.9 MB/s  0:00:00
Downloading indic_nlp_library-0.92-py3-none-any.whl (40 kB)
Using cached pyyaml-6.0.3-cp313-cp313-win_amd64.whl (154 kB)
Using cached Morfessor-2.0.6-py3-none-any.whl (35 kB)
Downloading numpy-2.5.3-cp313-cp313-win_amd64.whl (12.6 MB)
   ---------------------------------------- 12.6/12.6 MB 3.0 MB/s  0:00:04
Downloading pandas-3.0.6-cp313-cp313-win_amd64.whl (9.6 MB)
   ---------------------------------------- 9.6/9.6 MB 4.9 MB/s  0:00:01
Using cached python_dateutil-2.9.0.post0-py2.py3-none-any.whl (229 kB)
Using cached six-1.17.0-py2.py3-none-any.whl (11 kB)
Using cached sphinx_argparse-0.6.1-py3-none-any.whl (18 kB)
Using cached sphinx-9.1.0-py3-none-any.whl (3.9 MB)
Using cached docutils-0.22.4-py3-none-any.whl (633 kB)
Using cached alabaster-1.0.0-py3-none-any.whl (13 kB)
Using cached babel-2.18.0-py3-none-any.whl (10.2 MB)
Using cached colorama-0.4.6-py2.py3-none-any.whl (25 kB)
Using cached imagesize-2.0.1-py3-none-any.whl (14 kB)
Using cached jinja2-3.1.6-py3-none-any.whl (134 kB)
Downloading markupsafe-3.0.4-cp313-cp313-win_amd64.whl (14 kB)
Using cached packaging-26.3-py3-none-any.whl (129 kB)
Downloading pygments-2.21.0-py3-none-any.whl (1.3 MB)
   ---------------------------------------- 1.3/1.3 MB 4.4 MB/s  0:00:00
Using cached requests-2.34.2-py3-none-any.whl (73 kB)
Downloading charset_normalizer-3.5.2-cp313-cp313-win_amd64.whl (206 kB)
Downloading idna-3.20-py3-none-any.whl (69 kB)
Downloading urllib3-2.8.0-py3-none-any.whl (135 kB)
Using cached certifi-2026.7.22-py3-none-any.whl (136 kB)
Using cached roman_numerals-4.1.0-py3-none-any.whl (7.7 kB)
Using cached snowballstemmer-3.1.1-py3-none-any.whl (104 kB)
Using cached sphinxcontrib_applehelp-2.0.0-py3-none-any.whl (119 kB)
Using cached sphinxcontrib_devhelp-2.0.0-py3-none-any.whl (82 kB)
Using cached sphinxcontrib_htmlhelp-2.1.0-py3-none-any.whl (98 kB)
Using cached sphinxcontrib_jsmath-1.0.1-py2.py3-none-any.whl (5.1 kB)
Using cached sphinxcontrib_qthelp-2.0.0-py3-none-any.whl (88 kB)
Using cached sphinxcontrib_serializinghtml-2.0.0-py3-none-any.whl (92 kB)
Using cached sphinx_rtd_theme-3.1.0-py2.py3-none-any.whl (7.7 MB)
Using cached sphinxcontrib_jquery-4.1-py2.py3-none-any.whl (121 kB)
Downloading tzdata-2026.5-py2.py3-none-any.whl (347 kB)
Installing collected packages: morfessor, urllib3, tzdata, sphinxcontrib-serializinghtml, sphinxcontrib-qthelp, sphinxcontrib-jsmath, sphinxcontrib-htmlhelp, sphinxcontrib-devhelp, sphinxcontrib-applehelp, snowballstemmer, six, sentencepiece, roman-numerals, pyyaml, Pygments, packaging, numpy, MarkupSafe, imagesize, idna, docutils, colorama, charset_normalizer, certifi, babel, alabaster, requests, python-dateutil, Jinja2, ctranslate2, sphinx, pandas, sphinxcontrib-jquery, sphinx-argparse, sphinx-rtd-theme, indic-nlp-library

Successfully installed Jinja2-3.1.6 MarkupSafe-3.0.4 Pygments-2.21.0 alabaster-1.0.0 babel-2.18.0 certifi-2026.7.22 charset_normalizer-3.5.2 colorama-0.4.6 ctranslate2-4.8.2 docutils-0.22.4 idna-3.20 imagesize-2.0.1 indic-nlp-library-0.92 morfessor-2.0.6 numpy-2.5.3 packaging-26.3 pandas-3.0.6 python-dateutil-2.9.0.post0 pyyaml-6.0.3 requests-2.34.2 roman-numerals-4.1.0 sentencepiece-0.2.1 six-1.17.0 snowballstemmer-3.1.1 sphinx-9.1.0 sphinx-argparse-0.6.1 sphinx-rtd-theme-3.1.0 sphinxcontrib-applehelp-2.0.0 sphinxcontrib-devhelp-2.0.0 sphinxcontrib-htmlhelp-2.1.0 sphinxcontrib-jquery-4.1 sphinxcontrib-jsmath-1.0.1 sphinxcontrib-qthelp-2.0.0 sphinxcontrib-serializinghtml-2.0.0 tzdata-2026.5 urllib3-2.8.0

[notice] A new release of pip is available: 26.0.1 -> 26.2.1
[notice] To update, run: C:\Users\avira\AppData\Local\Programs\Python\Python313\python.exe -m pip install --upgrade pip
