To honour the JVM settings for this build a single-use Daemon process will be forked. For more on this, please refer to https://docs.gradle.org/9.5.0/userguide/gradle_daemon.html#sec:disabling_the_daemon in the Gradle documentation.
Daemon will be stopped at the end of the build 
Kotlin does not yet support 25 JDK target, falling back to Kotlin JVM_24 JVM target
> Task :app:preBuild UP-TO-DATE
> Task :app:preDebugBuild UP-TO-DATE
> Task :app:mergeDebugNativeDebugMetadata NO-SOURCE
> Task :app:generateDebugBuildConfig UP-TO-DATE
> Task :app:generateDebugResources UP-TO-DATE
> Task :app:packageDebugResources UP-TO-DATE
> Task :app:processDebugNavigationResources UP-TO-DATE
> Task :app:parseDebugLocalResources UP-TO-DATE
> Task :app:generateDebugRFile UP-TO-DATE

> Task :app:kspDebugKotlin UP-TO-DATE
Kotlin does not yet support 25 JDK target, falling back to Kotlin JVM_24 JVM target
Kotlin does not yet support 25 JDK target, falling back to Kotlin JVM_24 JVM target

> Task :app:javaPreCompileDebug UP-TO-DATE
> Task :app:generateDebugAssets UP-TO-DATE
> Task :app:mergeDebugAssets
> Task :app:generateDebugGlobalSynthetics UP-TO-DATE
> Task :app:compressDebugAssets
> Task :app:checkDebugDuplicateClasses UP-TO-DATE
> Task :app:desugarDebugFileDependencies UP-TO-DATE
> Task :app:mergeExtDexDebug UP-TO-DATE
> Task :app:mergeLibDexDebug UP-TO-DATE
> Task :app:checkDebugAarMetadata UP-TO-DATE
> Task :app:mapDebugSourceSetPaths UP-TO-DATE
> Task :app:compileDebugNavigationResources UP-TO-DATE
> Task :app:mergeDebugResources UP-TO-DATE
> Task :app:createDebugCompatibleScreenManifests UP-TO-DATE
> Task :app:extractDeepLinksDebug UP-TO-DATE
> Task :app:processDebugMainManifest UP-TO-DATE
> Task :app:processDebugManifest UP-TO-DATE
> Task :app:processDebugManifestForPackage UP-TO-DATE
> Task :app:processDebugResources UP-TO-DATE
> Task :app:mergeDebugJniLibFolders UP-TO-DATE
> Task :app:mergeDebugNativeLibs UP-TO-DATE
> Task :app:stripDebugDebugSymbols UP-TO-DATE
> Task :app:validateSigningDebug UP-TO-DATE
> Task :app:writeDebugAppMetadata UP-TO-DATE
> Task :app:writeDebugSigningConfigVersions UP-TO-DATE
> Task :app:compileDebugKotlin
w: file:///D:/new%20itantra/app/src/main/java/com/example/itantra/MainActivity.kt:275:82 'val activeLanguage: StateFlow<LanguageCode?>' is deprecated. Use activeSttLanguage for STT or activeTtsLanguage for TTS; receive and TTS languages are now independent.
w: file:///D:/new%20itantra/app/src/main/java/com/example/itantra/MainActivity.kt:286:48 'val activeLanguage: StateFlow<LanguageCode?>' is deprecated. Use activeSttLanguage for STT or activeTtsLanguage for TTS; receive and TTS languages are now independent.
w: file:///D:/new%20itantra/app/src/main/java/com/example/itantra/MainActivity.kt:322:55 'val activeLanguage: StateFlow<LanguageCode?>' is deprecated. Use activeSttLanguage for STT or activeTtsLanguage for TTS; receive and TTS languages are now independent.
w: file:///D:/new%20itantra/app/src/main/java/com/example/itantra/MainActivity.kt:731:38 'val activeLanguage: StateFlow<LanguageCode?>' is deprecated. Use activeSttLanguage for STT or activeTtsLanguage for TTS; receive and TTS languages are now independent.
w: file:///D:/new%20itantra/app/src/main/java/com/example/itantra/ui/screens/chat/DedicatedChatScreen.kt:762:28 'val LocalClipboardManager: ProvidableCompositionLocal<ClipboardManager>' is deprecated. Use LocalClipboard instead which supports suspend functions.
w: file:///D:/new%20itantra/app/src/main/java/com/example/itantra/ui/screens/hub/TransceiverHubScreen.kt:332:67 'val Icons.Filled.Chat: ImageVector' is deprecated. Use the AutoMirrored version at Icons.AutoMirrored.Filled.Chat.
w: file:///D:/new%20itantra/app/src/main/java/com/itantra/app/AppGraph.kt:69:52 Unchecked cast of 'Any?' to 'List<LanguagePackSummary>'.
w: file:///D:/new%20itantra/app/src/main/java/com/itantra/core/inference/ActiveLanguageSessionManager.kt:51:52 'val _activeLanguage: MutableStateFlow<LanguageCode?>' is deprecated. Use activeSttLanguage for STT or activeTtsLanguage for TTS; receive and TTS languages are now independent.
w: file:///D:/new%20itantra/app/src/main/java/com/itantra/core/inference/ActiveLanguageSessionManager.kt:110:21 'val _activeLanguage: MutableStateFlow<LanguageCode?>' is deprecated. Use activeSttLanguage for STT or activeTtsLanguage for TTS; receive and TTS languages are now independent.
w: file:///D:/new%20itantra/app/src/main/java/com/itantra/core/inference/ActiveLanguageSessionManager.kt:161:25 'val _activeLanguage: MutableStateFlow<LanguageCode?>' is deprecated. Use activeSttLanguage for STT or activeTtsLanguage for TTS; receive and TTS languages are now independent.
w: file:///D:/new%20itantra/app/src/main/java/com/itantra/core/inference/ActiveLanguageSessionManager.kt:162:25 'val _activeLanguage: MutableStateFlow<LanguageCode?>' is deprecated. Use activeSttLanguage for STT or activeTtsLanguage for TTS; receive and TTS languages are now independent.
w: file:///D:/new%20itantra/app/src/main/java/com/itantra/core/inference/ActiveLanguageSessionManager.kt:183:30 'val _activeLanguage: MutableStateFlow<LanguageCode?>' is deprecated. Use activeSttLanguage for STT or activeTtsLanguage for TTS; receive and TTS languages are now independent.
w: file:///D:/new%20itantra/app/src/main/java/com/itantra/core/inference/ActiveLanguageSessionManager.kt:198:13 'val _activeLanguage: MutableStateFlow<LanguageCode?>' is deprecated. Use activeSttLanguage for STT or activeTtsLanguage for TTS; receive and TTS languages are now independent.
w: file:///D:/new%20itantra/app/src/main/java/com/itantra/core/inference/ActiveLanguageSessionManager.kt:237:21 'val _activeLanguage: MutableStateFlow<LanguageCode?>' is deprecated. Use activeSttLanguage for STT or activeTtsLanguage for TTS; receive and TTS languages are now independent.
w: file:///D:/new%20itantra/app/src/main/java/com/itantra/core/inference/ActiveLanguageSessionManager.kt:244:21 'val _activeLanguage: MutableStateFlow<LanguageCode?>' is deprecated. Use activeSttLanguage for STT or activeTtsLanguage for TTS; receive and TTS languages are now independent.
w: file:///D:/new%20itantra/app/src/main/java/com/itantra/core/inference/ActiveLanguageSessionManager.kt:252:17 'val _activeLanguage: MutableStateFlow<LanguageCode?>' is deprecated. Use activeSttLanguage for STT or activeTtsLanguage for TTS; receive and TTS languages are now independent.
w: file:///D:/new%20itantra/app/src/main/java/com/itantra/core/inference/ActiveLanguageSessionManager.kt:264:30 'val _activeLanguage: MutableStateFlow<LanguageCode?>' is deprecated. Use activeSttLanguage for STT or activeTtsLanguage for TTS; receive and TTS languages are now independent.
w: file:///D:/new%20itantra/app/src/main/java/com/itantra/core/inference/ActiveLanguageSessionManager.kt:279:17 'val _activeLanguage: MutableStateFlow<LanguageCode?>' is deprecated. Use activeSttLanguage for STT or activeTtsLanguage for TTS; receive and TTS languages are now independent.
w: file:///D:/new%20itantra/app/src/main/java/com/itantra/core/inference/ActiveLanguageSessionManager.kt:284:31 'val _activeLanguage: MutableStateFlow<LanguageCode?>' is deprecated. Use activeSttLanguage for STT or activeTtsLanguage for TTS; receive and TTS languages are now independent.
w: file:///D:/new%20itantra/app/src/main/java/com/itantra/core/inference/ActiveLanguageSessionManager.kt:340:17 'val _activeLanguage: MutableStateFlow<LanguageCode?>' is deprecated. Use activeSttLanguage for STT or activeTtsLanguage for TTS; receive and TTS languages are now independent.
w: file:///D:/new%20itantra/app/src/main/java/com/itantra/core/inference/ActiveLanguageSessionManager.kt:374:21 'val _activeLanguage: MutableStateFlow<LanguageCode?>' is deprecated. Use activeSttLanguage for STT or activeTtsLanguage for TTS; receive and TTS languages are now independent.
w: file:///D:/new%20itantra/app/src/main/java/com/itantra/core/inference/ActiveLanguageSessionManager.kt:381:21 'val _activeLanguage: MutableStateFlow<LanguageCode?>' is deprecated. Use activeSttLanguage for STT or activeTtsLanguage for TTS; receive and TTS languages are now independent.
w: file:///D:/new%20itantra/app/src/main/java/com/itantra/core/inference/ActiveLanguageSessionManager.kt:402:17 'val _activeLanguage: MutableStateFlow<LanguageCode?>' is deprecated. Use activeSttLanguage for STT or activeTtsLanguage for TTS; receive and TTS languages are now independent.
w: file:///D:/new%20itantra/app/src/main/java/com/itantra/core/inference/ActiveLanguageSessionManager.kt:403:17 'val _activeLanguage: MutableStateFlow<LanguageCode?>' is deprecated. Use activeSttLanguage for STT or activeTtsLanguage for TTS; receive and TTS languages are now independent.
w: file:///D:/new%20itantra/app/src/main/java/com/itantra/core/inference/ActiveLanguageSessionManager.kt:419:13 'val _activeLanguage: MutableStateFlow<LanguageCode?>' is deprecated. Use activeSttLanguage for STT or activeTtsLanguage for TTS; receive and TTS languages are now independent.
w: file:///D:/new%20itantra/app/src/main/java/com/itantra/core/inference/FiveLanguageSelfTest.kt:61:13 'when' is exhaustive so 'else' is redundant here.
w: file:///D:/new%20itantra/app/src/main/java/com/itantra/core/inference/ModelFileSpec.kt:54:13 'when' is exhaustive so 'else' is redundant here.
w: file:///D:/new%20itantra/app/src/main/java/com/itantra/core/transceiver/TransceiverCoordinator.kt:134:41 'val activeLanguage: StateFlow<LanguageCode?>' is deprecated. Use activeSttLanguage for STT or activeTtsLanguage for TTS; receive and TTS languages are now independent.
w: file:///D:/new%20itantra/app/src/main/java/com/itantra/core/transceiver/TransceiverCoordinator.kt:471:28 'val activeLanguage: StateFlow<LanguageCode?>' is deprecated. Use activeSttLanguage for STT or activeTtsLanguage for TTS; receive and TTS languages are now independent.
w: file:///D:/new%20itantra/app/src/main/java/com/itantra/core/transceiver/TransceiverCoordinator.kt:791:51 'val activeLanguage: StateFlow<LanguageCode?>' is deprecated. Use activeSttLanguage for STT or activeTtsLanguage for TTS; receive and TTS languages are now independent.
w: file:///D:/new%20itantra/app/src/main/java/com/itantra/core/transceiver/TransceiverCoordinator.kt:1911:44 'val activeLanguage: StateFlow<LanguageCode?>' is deprecated. Use activeSttLanguage for STT or activeTtsLanguage for TTS; receive and TTS languages are now independent.
w: file:///D:/new%20itantra/app/src/main/java/com/itantra/core/transceiver/TransceiverCoordinator.kt:2405:102 'val activeLanguage: StateFlow<LanguageCode?>' is deprecated. Use activeSttLanguage for STT or activeTtsLanguage for TTS; receive and TTS languages are now independent.
w: file:///D:/new%20itantra/app/src/main/java/com/itantra/core/transceiver/TransceiverCoordinator.kt:2408:43 'val activeLanguage: StateFlow<LanguageCode?>' is deprecated. Use activeSttLanguage for STT or activeTtsLanguage for TTS; receive and TTS languages are now independent.
w: file:///D:/new%20itantra/app/src/main/java/com/itantra/core/transport/peer/WifiDirectConnectionManager.kt:10:8 'class NetworkInfo : Any, Parcelable' is deprecated. Deprecated in Java.
w: file:///D:/new%20itantra/app/src/main/java/com/itantra/core/transport/peer/WifiDirectConnectionManager.kt:251:42 'class NetworkInfo : Any, Parcelable' is deprecated. Deprecated in Java.
w: file:///D:/new%20itantra/app/src/main/java/com/itantra/core/transport/peer/WifiDirectConnectionManager.kt:252:90 'class NetworkInfo : Any, Parcelable' is deprecated. Deprecated in Java.
w: file:///D:/new%20itantra/app/src/main/java/com/itantra/core/transport/peer/WifiDirectConnectionManager.kt:265:56 'val isConnected: Boolean' is deprecated. Deprecated in Java.

> Task :app:compileDebugJavaWithJavac UP-TO-DATE
> Task :app:processDebugJavaRes UP-TO-DATE
> Task :app:mergeDebugJavaResource UP-TO-DATE
> Task :app:dexBuilderDebug UP-TO-DATE
> Task :app:mergeProjectDexDebug UP-TO-DATE
> Task :app:packageDebug
> Task :app:createDebugApkListingFileRedirect UP-TO-DATE
> Task :app:assembleDebug

BUILD SUCCESSFUL in 51s
39 actionable tasks: 4 executed, 35 up-to-date
Consider enabling configuration cache to speed up this build: https://docs.gradle.org/9.5.0/userguide/configuration_cache_enabling.html
