To honour the JVM settings for this build a single-use Daemon process will be forked. For more on this, please refer to https://docs.gradle.org/9.5.0/userguide/gradle_daemon.html#sec:disabling_the_daemon in the Gradle documentation.
Daemon will be stopped at the end of the build 
Kotlin does not yet support 25 JDK target, falling back to Kotlin JVM_24 JVM target
Kotlin does not yet support 25 JDK target, falling back to Kotlin JVM_24 JVM target
> Task :app:preBuild UP-TO-DATE
> Task :app:preDebugBuild UP-TO-DATE
> Task :app:generateDebugBuildConfig UP-TO-DATE
> Task :app:generateDebugResources UP-TO-DATE
> Task :app:packageDebugResources UP-TO-DATE
> Task :app:processDebugNavigationResources UP-TO-DATE
> Task :app:parseDebugLocalResources UP-TO-DATE
> Task :app:generateDebugRFile UP-TO-DATE

> Task :app:kspDebugKotlin UP-TO-DATE
Kotlin does not yet support 25 JDK target, falling back to Kotlin JVM_24 JVM target
Kotlin does not yet support 25 JDK target, falling back to Kotlin JVM_24 JVM target

> Task :app:compileDebugKotlin UP-TO-DATE
> Task :app:javaPreCompileDebug UP-TO-DATE
> Task :app:compileDebugJavaWithJavac UP-TO-DATE
> Task :app:checkDebugAarMetadata UP-TO-DATE
> Task :app:mapDebugSourceSetPaths UP-TO-DATE
> Task :app:compileDebugNavigationResources UP-TO-DATE
> Task :app:mergeDebugResources UP-TO-DATE
> Task :app:createDebugCompatibleScreenManifests UP-TO-DATE
> Task :app:extractDeepLinksDebug UP-TO-DATE
> Task :app:processDebugMainManifest UP-TO-DATE
> Task :app:processDebugManifest UP-TO-DATE
> Task :app:processDebugManifestForPackage UP-TO-DATE
> Task :app:processDebugResources UP-TO-DATE
> Task :app:bundleDebugClassesToRuntimeJar UP-TO-DATE
> Task :app:bundleDebugClassesToCompileJar UP-TO-DATE
> Task :app:preDebugUnitTestBuild UP-TO-DATE
> Task :app:javaPreCompileDebugUnitTest UP-TO-DATE
> Task :app:generateDebugAssets UP-TO-DATE
> Task :app:mergeDebugAssets UP-TO-DATE
> Task :app:packageDebugUnitTestForUnitTest UP-TO-DATE
> Task :app:mergeDebugUnitTestManifest UP-TO-DATE
> Task :app:processDebugUnitTestManifest UP-TO-DATE
> Task :app:generateDebugUnitTestConfig UP-TO-DATE
> Task :app:processDebugJavaRes UP-TO-DATE
> Task :app:verifySpeechDataLeakage SKIPPED
> Task :app:mergeDebugNativeDebugMetadata NO-SOURCE
> Task :app:compressDebugAssets UP-TO-DATE
> Task :app:generateDebugGlobalSynthetics UP-TO-DATE
> Task :app:mergeDebugJavaResource UP-TO-DATE
> Task :app:checkDebugDuplicateClasses UP-TO-DATE
> Task :app:desugarDebugFileDependencies UP-TO-DATE
> Task :app:mergeExtDexDebug UP-TO-DATE
> Task :app:mergeLibDexDebug UP-TO-DATE
> Task :app:dexBuilderDebug UP-TO-DATE
> Task :app:mergeProjectDexDebug UP-TO-DATE
> Task :app:mergeDebugJniLibFolders UP-TO-DATE
> Task :app:mergeDebugNativeLibs UP-TO-DATE
> Task :app:stripDebugDebugSymbols UP-TO-DATE
> Task :app:validateSigningDebug UP-TO-DATE
> Task :app:writeDebugAppMetadata UP-TO-DATE
> Task :app:writeDebugSigningConfigVersions UP-TO-DATE
> Task :app:packageDebug UP-TO-DATE
> Task :app:createDebugApkListingFileRedirect UP-TO-DATE
> Task :app:assembleDebug UP-TO-DATE

> Task :app:kspDebugUnitTestKotlin
Kotlin does not yet support 25 JDK target, falling back to Kotlin JVM_24 JVM target
Kotlin does not yet support 25 JDK target, falling back to Kotlin JVM_24 JVM target

> Task :app:compileDebugUnitTestKotlin
w: file:///D:/new%20itantra/app/src/test/java/com/itantra/core/inference/ActiveLanguageSessionManagerTest.kt:77:50 'val activeLanguage: StateFlow<LanguageCode?>' is deprecated. Use activeSttLanguage for STT or activeTtsLanguage for TTS; receive and TTS languages are now independent.
w: file:///D:/new%20itantra/app/src/test/java/com/itantra/core/inference/ActiveLanguageSessionManagerTest.kt:91:50 'val activeLanguage: StateFlow<LanguageCode?>' is deprecated. Use activeSttLanguage for STT or activeTtsLanguage for TTS; receive and TTS languages are now independent.
w: file:///D:/new%20itantra/app/src/test/java/com/itantra/core/inference/ActiveLanguageSessionManagerTest.kt:122:36 'val activeLanguage: StateFlow<LanguageCode?>' is deprecated. Use activeSttLanguage for STT or activeTtsLanguage for TTS; receive and TTS languages are now independent.
w: file:///D:/new%20itantra/app/src/test/java/com/itantra/core/inference/ActiveLanguageSessionManagerTest.kt:137:29 'val activeLanguage: StateFlow<LanguageCode?>' is deprecated. Use activeSttLanguage for STT or activeTtsLanguage for TTS; receive and TTS languages are now independent.
w: file:///D:/new%20itantra/app/src/test/java/com/itantra/core/inference/ActiveLanguageSessionManagerTest.kt:166:36 'val activeLanguage: StateFlow<LanguageCode?>' is deprecated. Use activeSttLanguage for STT or activeTtsLanguage for TTS; receive and TTS languages are now independent.
w: file:///D:/new%20itantra/app/src/test/java/com/itantra/core/inference/ActiveLanguageSessionManagerTest.kt:193:36 'val activeLanguage: StateFlow<LanguageCode?>' is deprecated. Use activeSttLanguage for STT or activeTtsLanguage for TTS; receive and TTS languages are now independent.
w: file:///D:/new%20itantra/app/src/test/java/com/itantra/core/inference/ActiveLanguageSessionManagerTest.kt:209:36 'val activeLanguage: StateFlow<LanguageCode?>' is deprecated. Use activeSttLanguage for STT or activeTtsLanguage for TTS; receive and TTS languages are now independent.
w: file:///D:/new%20itantra/app/src/test/java/com/itantra/core/inference/ActiveLanguageSessionManagerTest.kt:224:50 'val activeLanguage: StateFlow<LanguageCode?>' is deprecated. Use activeSttLanguage for STT or activeTtsLanguage for TTS; receive and TTS languages are now independent.
w: file:///D:/new%20itantra/app/src/test/java/com/itantra/core/inference/ActiveLanguageSessionManagerTest.kt:259:50 'val activeLanguage: StateFlow<LanguageCode?>' is deprecated. Use activeSttLanguage for STT or activeTtsLanguage for TTS; receive and TTS languages are now independent.
w: file:///D:/new%20itantra/app/src/test/java/com/itantra/core/inference/ActiveLanguageSessionManagerTest.kt:262:36 'val activeLanguage: StateFlow<LanguageCode?>' is deprecated. Use activeSttLanguage for STT or activeTtsLanguage for TTS; receive and TTS languages are now independent.
w: file:///D:/new%20itantra/app/src/test/java/com/itantra/core/inference/HindiSttModelTest.kt:40:9 Only safe (?.) or non-null asserted (!!.) calls are allowed on a nullable receiver of type 'File?'.
w: file:///D:/new%20itantra/app/src/test/java/com/itantra/core/inference/LifecycleOverlapTest.kt:72:50 'val activeLanguage: StateFlow<LanguageCode?>' is deprecated. Use activeSttLanguage for STT or activeTtsLanguage for TTS; receive and TTS languages are now independent.
w: file:///D:/new%20itantra/app/src/test/java/com/itantra/core/inference/LifecycleOverlapTest.kt:120:50 'val activeLanguage: StateFlow<LanguageCode?>' is deprecated. Use activeSttLanguage for STT or activeTtsLanguage for TTS; receive and TTS languages are now independent.
w: file:///D:/new%20itantra/app/src/test/java/com/itantra/core/inference/TtsLifecycleAndStorageTest.kt:214:54 'val activeLanguage: StateFlow<LanguageCode?>' is deprecated. Use activeSttLanguage for STT or activeTtsLanguage for TTS; receive and TTS languages are now independent.
w: file:///D:/new%20itantra/app/src/test/java/com/itantra/core/inference/TtsLifecycleAndStorageTest.kt:220:52 'val activeLanguage: StateFlow<LanguageCode?>' is deprecated. Use activeSttLanguage for STT or activeTtsLanguage for TTS; receive and TTS languages are now independent.
w: file:///D:/new%20itantra/app/src/test/java/com/itantra/core/inference/TtsLifecycleAndStorageTest.kt:250:54 'val activeLanguage: StateFlow<LanguageCode?>' is deprecated. Use activeSttLanguage for STT or activeTtsLanguage for TTS; receive and TTS languages are now independent.
w: file:///D:/new%20itantra/app/src/test/java/com/itantra/core/inference/TtsLifecycleAndStorageTest.kt:269:52 'val activeLanguage: StateFlow<LanguageCode?>' is deprecated. Use activeSttLanguage for STT or activeTtsLanguage for TTS; receive and TTS languages are now independent.
w: file:///D:/new%20itantra/app/src/test/java/com/itantra/core/transceiver/ReceiverTtsTest.kt:110:48 'val activeLanguage: StateFlow<LanguageCode?>' is deprecated. Use activeSttLanguage for STT or activeTtsLanguage for TTS; receive and TTS languages are now independent.
w: file:///D:/new%20itantra/app/src/test/java/com/itantra/core/transceiver/ReceiverTtsTest.kt:248:57 'val activeLanguage: StateFlow<LanguageCode?>' is deprecated. Use activeSttLanguage for STT or activeTtsLanguage for TTS; receive and TTS languages are now independent.
w: file:///D:/new%20itantra/app/src/test/java/com/itantra/core/transceiver/ReceiverTtsTest.kt:341:57 'val activeLanguage: StateFlow<LanguageCode?>' is deprecated. Use activeSttLanguage for STT or activeTtsLanguage for TTS; receive and TTS languages are now independent.
w: file:///D:/new%20itantra/app/src/test/java/com/itantra/core/transceiver/ReceiverTtsTest.kt:360:94 'val activeLanguage: StateFlow<LanguageCode?>' is deprecated. Use activeSttLanguage for STT or activeTtsLanguage for TTS; receive and TTS languages are now independent.
w: file:///D:/new%20itantra/app/src/test/java/com/itantra/feature/diagnostics/PerformanceEfficiencyTest.kt:153:50 'val activeLanguage: StateFlow<LanguageCode?>' is deprecated. Use activeSttLanguage for STT or activeTtsLanguage for TTS; receive and TTS languages are now independent.
w: file:///D:/new%20itantra/app/src/test/java/com/itantra/feature/diagnostics/PerformanceEfficiencyTest.kt:159:52 'val activeLanguage: StateFlow<LanguageCode?>' is deprecated. Use activeSttLanguage for STT or activeTtsLanguage for TTS; receive and TTS languages are now independent.
w: file:///D:/new%20itantra/app/src/test/java/com/itantra/feature/diagnostics/PerformanceEfficiencyTest.kt:164:28 'val activeLanguage: StateFlow<LanguageCode?>' is deprecated. Use activeSttLanguage for STT or activeTtsLanguage for TTS; receive and TTS languages are now independent.
w: file:///D:/new%20itantra/app/src/test/java/com/itantra/feature/diagnostics/PerformanceEfficiencyTest.kt:190:28 'val activeLanguage: StateFlow<LanguageCode?>' is deprecated. Use activeSttLanguage for STT or activeTtsLanguage for TTS; receive and TTS languages are now independent.
w: file:///D:/new%20itantra/app/src/test/java/com/itantra/feature/diagnostics/PerformanceEfficiencyTest.kt:211:28 'val activeLanguage: StateFlow<LanguageCode?>' is deprecated. Use activeSttLanguage for STT or activeTtsLanguage for TTS; receive and TTS languages are now independent.
w: file:///D:/new%20itantra/app/src/test/java/com/itantra/feature/languages/LanguagePacksViewModelTest.kt:113:35 'val activeLanguage: StateFlow<LanguageCode?>' is deprecated. Use activeSttLanguage for STT or activeTtsLanguage for TTS; receive and TTS languages are now independent.

> Task :app:compileDebugUnitTestJavaWithJavac NO-SOURCE
> Task :app:processDebugUnitTestJavaRes UP-TO-DATE
WARNING: A terminally deprecated method in sun.misc.Unsafe has been called
WARNING: sun.misc.Unsafe::arrayBaseOffset has been called by androidx.datastore.preferences.protobuf.UnsafeUtil$MemoryAccessor (file:/C:/Users/avira/.gradle/caches/modules-2/files-2.1/androidx.datastore/datastore-preferences-core-jvm/1.1.1/e562d4a944240c0e67317f0b862da24aca3aabc/datastore-preferences-core-jvm-1.1.1.jar)
WARNING: Please consider reporting this to the maintainers of class androidx.datastore.preferences.protobuf.UnsafeUtil$MemoryAccessor
WARNING: sun.misc.Unsafe::arrayBaseOffset will be removed in a future release
WARNING: A restricted method in java.lang.System has been called
WARNING: java.lang.System::loadLibrary has been called by com.itantra.core.translation.CTranslate2TranslationEngine in an unnamed module (file:/C:/Users/avira/AppData/Local/Temp/itantra-connection-fix-20261007/app/intermediates/runtime_app_classes_jar/debug/bundleDebugClassesToRuntimeJar/classes.jar)
WARNING: Use --enable-native-access=ALL-UNNAMED to avoid a warning for callers in this module
WARNING: Restricted methods will be blocked in a future release unless native access is enabled

> Task :app:testDebugUnitTest

BUILD SUCCESSFUL in 1m 42s
50 actionable tasks: 3 executed, 47 up-to-date
Consider enabling configuration cache to speed up this build: https://docs.gradle.org/9.5.0/userguide/configuration_cache_enabling.html
