To honour the JVM settings for this build a single-use Daemon process will be forked. For more on this, please refer to https://docs.gradle.org/9.5.0/userguide/gradle_daemon.html#sec:disabling_the_daemon in the Gradle documentation.
Daemon will be stopped at the end of the build 

> Configure project :app
w: file:///D:/new%20itantra/app/build.gradle.kts:76:35: 'fun setSrcDirs(srcDirs: Iterable<*>): Any' is deprecated. Use `directories` mutable set instead.
w: file:///D:/new%20itantra/app/build.gradle.kts:77:34: 'fun srcDirs(vararg srcDirs: Any): Any' is deprecated. Use `directories` mutable set instead.
w: file:///D:/new%20itantra/app/build.gradle.kts:78:41: 'fun srcDirs(vararg srcDirs: Any): Any' is deprecated. Use `directories` mutable set instead.
Kotlin does not yet support 25 JDK target, falling back to Kotlin JVM_24 JVM target
Kotlin does not yet support 25 JDK target, falling back to Kotlin JVM_24 JVM target

> Task :app:preBuild UP-TO-DATE
> Task :app:preDebugBuild UP-TO-DATE
> Task :app:generateDebugBuildConfig
> Task :app:generateDebugResources UP-TO-DATE
> Task :app:packageDebugResources UP-TO-DATE
> Task :app:processDebugNavigationResources UP-TO-DATE
> Task :app:parseDebugLocalResources UP-TO-DATE
> Task :app:generateDebugRFile UP-TO-DATE
> Task :app:javaPreCompileDebug UP-TO-DATE
> Task :app:checkDebugAarMetadata UP-TO-DATE
> Task :app:mapDebugSourceSetPaths UP-TO-DATE
> Task :app:compileDebugNavigationResources UP-TO-DATE
> Task :app:mergeDebugResources UP-TO-DATE
> Task :app:createDebugCompatibleScreenManifests
> Task :app:extractDeepLinksDebug UP-TO-DATE

> Task :app:kspDebugKotlin
Kotlin does not yet support 25 JDK target, falling back to Kotlin JVM_24 JVM target
Kotlin does not yet support 25 JDK target, falling back to Kotlin JVM_24 JVM target

> Task :app:processDebugMainManifest
> Task :app:processDebugManifest
> Task :app:preDebugUnitTestBuild UP-TO-DATE
> Task :app:javaPreCompileDebugUnitTest UP-TO-DATE
> Task :app:generateDebugAssets UP-TO-DATE
> Task :app:mergeDebugAssets
> Task :app:mergeDebugUnitTestManifest
> Task :app:processDebugUnitTestManifest UP-TO-DATE
> Task :app:verifySpeechDataLeakage SKIPPED
> Task :app:processDebugManifestForPackage
> Task :app:processDebugResources
> Task :app:packageDebugUnitTestForUnitTest
> Task :app:generateDebugUnitTestConfig
> Task :app:compileDebugKotlin
w: file:///D:/new%20itantra/app/src/main/java/com/example/itantra/MainActivity.kt:298:82 'val activeLanguage: StateFlow<LanguageCode?>' is deprecated. Use activeSttLanguage for STT or activeTtsLanguage for TTS; receive and TTS languages are now independent.
w: file:///D:/new%20itantra/app/src/main/java/com/example/itantra/MainActivity.kt:309:48 'val activeLanguage: StateFlow<LanguageCode?>' is deprecated. Use activeSttLanguage for STT or activeTtsLanguage for TTS; receive and TTS languages are now independent.
w: file:///D:/new%20itantra/app/src/main/java/com/example/itantra/MainActivity.kt:345:55 'val activeLanguage: StateFlow<LanguageCode?>' is deprecated. Use activeSttLanguage for STT or activeTtsLanguage for TTS; receive and TTS languages are now independent.
w: file:///D:/new%20itantra/app/src/main/java/com/example/itantra/MainActivity.kt:756:38 'val activeLanguage: StateFlow<LanguageCode?>' is deprecated. Use activeSttLanguage for STT or activeTtsLanguage for TTS; receive and TTS languages are now independent.
w: file:///D:/new%20itantra/app/src/main/java/com/example/itantra/MainActivity.kt:821:78 'val Icons.Filled.Notes: ImageVector' is deprecated. Use the AutoMirrored version at Icons.AutoMirrored.Filled.Notes.
w: file:///D:/new%20itantra/app/src/main/java/com/example/itantra/ui/components/MessageActionsButton.kt:37:21 'val LocalClipboardManager: ProvidableCompositionLocal<ClipboardManager>' is deprecated. Use LocalClipboard instead which supports suspend functions.
w: file:///D:/new%20itantra/app/src/main/java/com/example/itantra/ui/components/MessageActionsButton.kt:94:21 'val LocalClipboardManager: ProvidableCompositionLocal<ClipboardManager>' is deprecated. Use LocalClipboard instead which supports suspend functions.
w: file:///D:/new%20itantra/app/src/main/java/com/example/itantra/ui/screens/chat/DedicatedChatScreen.kt:805:28 'val LocalClipboardManager: ProvidableCompositionLocal<ClipboardManager>' is deprecated. Use LocalClipboard instead which supports suspend functions.
w: file:///D:/new%20itantra/app/src/main/java/com/example/itantra/ui/screens/hub/TransceiverHubScreen.kt:144:39 'val Icons.Filled.ArrowForward: ImageVector' is deprecated. Use the AutoMirrored version at Icons.AutoMirrored.Filled.ArrowForward.
w: file:///D:/new%20itantra/app/src/main/java/com/example/itantra/ui/screens/hub/TransceiverHubScreen.kt:159:174 'val Icons.Filled.ArrowForward: ImageVector' is deprecated. Use the AutoMirrored version at Icons.AutoMirrored.Filled.ArrowForward.
w: file:///D:/new%20itantra/app/src/main/java/com/example/itantra/ui/screens/hub/TransceiverHubScreen.kt:251:95 'val Icons.Filled.Notes: ImageVector' is deprecated. Use the AutoMirrored version at Icons.AutoMirrored.Filled.Notes.
w: file:///D:/new%20itantra/app/src/main/java/com/example/itantra/ui/screens/settings/SettingsScreen.kt:290:21 'val LocalClipboardManager: ProvidableCompositionLocal<ClipboardManager>' is deprecated. Use LocalClipboard instead which supports suspend functions.
w: file:///D:/new%20itantra/app/src/main/java/com/example/itantra/ui/screens/voicenotes/VoiceNotesScreen.kt:59:39 'val Icons.Filled.Notes: ImageVector' is deprecated. Use the AutoMirrored version at Icons.AutoMirrored.Filled.Notes.
w: file:///D:/new%20itantra/app/src/main/java/com/example/itantra/ui/screens/voicenotes/VoiceNotesScreen.kt:96:47 'val Icons.Filled.Notes: ImageVector' is deprecated. Use the AutoMirrored version at Icons.AutoMirrored.Filled.Notes.
w: file:///D:/new%20itantra/app/src/main/java/com/itantra/app/AppGraph.kt:72:52 Unchecked cast of 'Any?' to 'List<LanguagePackSummary>'.
w: file:///D:/new%20itantra/app/src/main/java/com/itantra/core/inference/ActiveLanguageSessionManager.kt:56:52 'val _activeLanguage: MutableStateFlow<LanguageCode?>' is deprecated. Use activeSttLanguage for STT or activeTtsLanguage for TTS; receive and TTS languages are now independent.
w: file:///D:/new%20itantra/app/src/main/java/com/itantra/core/inference/ActiveLanguageSessionManager.kt:118:21 'val _activeLanguage: MutableStateFlow<LanguageCode?>' is deprecated. Use activeSttLanguage for STT or activeTtsLanguage for TTS; receive and TTS languages are now independent.
w: file:///D:/new%20itantra/app/src/main/java/com/itantra/core/inference/ActiveLanguageSessionManager.kt:184:25 'val _activeLanguage: MutableStateFlow<LanguageCode?>' is deprecated. Use activeSttLanguage for STT or activeTtsLanguage for TTS; receive and TTS languages are now independent.
w: file:///D:/new%20itantra/app/src/main/java/com/itantra/core/inference/ActiveLanguageSessionManager.kt:185:25 'val _activeLanguage: MutableStateFlow<LanguageCode?>' is deprecated. Use activeSttLanguage for STT or activeTtsLanguage for TTS; receive and TTS languages are now independent.
w: file:///D:/new%20itantra/app/src/main/java/com/itantra/core/inference/ActiveLanguageSessionManager.kt:218:30 'val _activeLanguage: MutableStateFlow<LanguageCode?>' is deprecated. Use activeSttLanguage for STT or activeTtsLanguage for TTS; receive and TTS languages are now independent.
w: file:///D:/new%20itantra/app/src/main/java/com/itantra/core/inference/ActiveLanguageSessionManager.kt:233:13 'val _activeLanguage: MutableStateFlow<LanguageCode?>' is deprecated. Use activeSttLanguage for STT or activeTtsLanguage for TTS; receive and TTS languages are now independent.
w: file:///D:/new%20itantra/app/src/main/java/com/itantra/core/inference/ActiveLanguageSessionManager.kt:272:21 'val _activeLanguage: MutableStateFlow<LanguageCode?>' is deprecated. Use activeSttLanguage for STT or activeTtsLanguage for TTS; receive and TTS languages are now independent.
w: file:///D:/new%20itantra/app/src/main/java/com/itantra/core/inference/ActiveLanguageSessionManager.kt:279:21 'val _activeLanguage: MutableStateFlow<LanguageCode?>' is deprecated. Use activeSttLanguage for STT or activeTtsLanguage for TTS; receive and TTS languages are now independent.
w: file:///D:/new%20itantra/app/src/main/java/com/itantra/core/inference/ActiveLanguageSessionManager.kt:287:17 'val _activeLanguage: MutableStateFlow<LanguageCode?>' is deprecated. Use activeSttLanguage for STT or activeTtsLanguage for TTS; receive and TTS languages are now independent.
w: file:///D:/new%20itantra/app/src/main/java/com/itantra/core/inference/ActiveLanguageSessionManager.kt:299:30 'val _activeLanguage: MutableStateFlow<LanguageCode?>' is deprecated. Use activeSttLanguage for STT or activeTtsLanguage for TTS; receive and TTS languages are now independent.
w: file:///D:/new%20itantra/app/src/main/java/com/itantra/core/inference/ActiveLanguageSessionManager.kt:314:17 'val _activeLanguage: MutableStateFlow<LanguageCode?>' is deprecated. Use activeSttLanguage for STT or activeTtsLanguage for TTS; receive and TTS languages are now independent.
w: file:///D:/new%20itantra/app/src/main/java/com/itantra/core/inference/ActiveLanguageSessionManager.kt:319:31 'val _activeLanguage: MutableStateFlow<LanguageCode?>' is deprecated. Use activeSttLanguage for STT or activeTtsLanguage for TTS; receive and TTS languages are now independent.
w: file:///D:/new%20itantra/app/src/main/java/com/itantra/core/inference/ActiveLanguageSessionManager.kt:375:17 'val _activeLanguage: MutableStateFlow<LanguageCode?>' is deprecated. Use activeSttLanguage for STT or activeTtsLanguage for TTS; receive and TTS languages are now independent.
w: file:///D:/new%20itantra/app/src/main/java/com/itantra/core/inference/ActiveLanguageSessionManager.kt:409:21 'val _activeLanguage: MutableStateFlow<LanguageCode?>' is deprecated. Use activeSttLanguage for STT or activeTtsLanguage for TTS; receive and TTS languages are now independent.
w: file:///D:/new%20itantra/app/src/main/java/com/itantra/core/inference/ActiveLanguageSessionManager.kt:416:21 'val _activeLanguage: MutableStateFlow<LanguageCode?>' is deprecated. Use activeSttLanguage for STT or activeTtsLanguage for TTS; receive and TTS languages are now independent.
w: file:///D:/new%20itantra/app/src/main/java/com/itantra/core/inference/ActiveLanguageSessionManager.kt:437:17 'val _activeLanguage: MutableStateFlow<LanguageCode?>' is deprecated. Use activeSttLanguage for STT or activeTtsLanguage for TTS; receive and TTS languages are now independent.
w: file:///D:/new%20itantra/app/src/main/java/com/itantra/core/inference/ActiveLanguageSessionManager.kt:438:17 'val _activeLanguage: MutableStateFlow<LanguageCode?>' is deprecated. Use activeSttLanguage for STT or activeTtsLanguage for TTS; receive and TTS languages are now independent.
w: file:///D:/new%20itantra/app/src/main/java/com/itantra/core/inference/ActiveLanguageSessionManager.kt:454:13 'val _activeLanguage: MutableStateFlow<LanguageCode?>' is deprecated. Use activeSttLanguage for STT or activeTtsLanguage for TTS; receive and TTS languages are now independent.
w: file:///D:/new%20itantra/app/src/main/java/com/itantra/core/inference/FiveLanguageSelfTest.kt:61:13 'when' is exhaustive so 'else' is redundant here.
w: file:///D:/new%20itantra/app/src/main/java/com/itantra/core/inference/ModelFileSpec.kt:54:13 'when' is exhaustive so 'else' is redundant here.
w: file:///D:/new%20itantra/app/src/main/java/com/itantra/core/transceiver/TransceiverCoordinator.kt:675:28 'val activeLanguage: StateFlow<LanguageCode?>' is deprecated. Use activeSttLanguage for STT or activeTtsLanguage for TTS; receive and TTS languages are now independent.
w: file:///D:/new%20itantra/app/src/main/java/com/itantra/core/transceiver/TransceiverCoordinator.kt:1103:51 'val activeLanguage: StateFlow<LanguageCode?>' is deprecated. Use activeSttLanguage for STT or activeTtsLanguage for TTS; receive and TTS languages are now independent.
w: file:///D:/new%20itantra/app/src/main/java/com/itantra/core/transceiver/TransceiverCoordinator.kt:2794:102 'val activeLanguage: StateFlow<LanguageCode?>' is deprecated. Use activeSttLanguage for STT or activeTtsLanguage for TTS; receive and TTS languages are now independent.
w: file:///D:/new%20itantra/app/src/main/java/com/itantra/core/transceiver/TransceiverCoordinator.kt:2797:43 'val activeLanguage: StateFlow<LanguageCode?>' is deprecated. Use activeSttLanguage for STT or activeTtsLanguage for TTS; receive and TTS languages are now independent.
w: file:///D:/new%20itantra/app/src/main/java/com/itantra/core/transport/peer/WifiDirectConnectionManager.kt:10:8 'class NetworkInfo : Any, Parcelable' is deprecated. Deprecated in Java.
w: file:///D:/new%20itantra/app/src/main/java/com/itantra/core/transport/peer/WifiDirectConnectionManager.kt:244:42 'class NetworkInfo : Any, Parcelable' is deprecated. Deprecated in Java.
w: file:///D:/new%20itantra/app/src/main/java/com/itantra/core/transport/peer/WifiDirectConnectionManager.kt:245:90 'class NetworkInfo : Any, Parcelable' is deprecated. Deprecated in Java.
w: file:///D:/new%20itantra/app/src/main/java/com/itantra/core/transport/peer/WifiDirectConnectionManager.kt:258:56 'val isConnected: Boolean' is deprecated. Deprecated in Java.

> Task :app:compileDebugJavaWithJavac
> Task :app:processDebugJavaRes UP-TO-DATE
> Task :app:bundleDebugClassesToCompileJar
> Task :app:bundleDebugClassesToRuntimeJar

> Task :app:kspDebugUnitTestKotlin
Kotlin does not yet support 25 JDK target, falling back to Kotlin JVM_24 JVM target
Kotlin does not yet support 25 JDK target, falling back to Kotlin JVM_24 JVM target

> Task :app:compileDebugUnitTestKotlin
w: file:///D:/new%20itantra/app/src/test/java/com/itantra/core/inference/ActiveLanguageSessionManagerTest.kt:77:50 'val activeLanguage: StateFlow<LanguageCode?>' is deprecated. Use activeSttLanguage for STT or activeTtsLanguage for TTS; receive and TTS languages are now independent.
w: file:///D:/new%20itantra/app/src/test/java/com/itantra/core/inference/ActiveLanguageSessionManagerTest.kt:91:50 'val activeLanguage: StateFlow<LanguageCode?>' is deprecated. Use activeSttLanguage for STT or activeTtsLanguage for TTS; receive and TTS languages are now independent.
w: file:///D:/new%20itantra/app/src/test/java/com/itantra/core/inference/ActiveLanguageSessionManagerTest.kt:122:36 'val activeLanguage: StateFlow<LanguageCode?>' is deprecated. Use activeSttLanguage for STT or activeTtsLanguage for TTS; receive and TTS languages are now independent.
w: file:///D:/new%20itantra/app/src/test/java/com/itantra/core/inference/ActiveLanguageSessionManagerTest.kt:137:29 'val activeLanguage: StateFlow<LanguageCode?>' is deprecated. Use activeSttLanguage for STT or activeTtsLanguage for TTS; receive and TTS languages are now independent.
w: file:///D:/new%20itantra/app/src/test/java/com/itantra/core/inference/ActiveLanguageSessionManagerTest.kt:166:36 'val activeLanguage: StateFlow<LanguageCode?>' is deprecated. Use activeSttLanguage for STT or activeTtsLanguage for TTS; receive and TTS languages are now independent.
w: file:///D:/new%20itantra/app/src/test/java/com/itantra/core/inference/ActiveLanguageSessionManagerTest.kt:193:36 'val activeLanguage: StateFlow<LanguageCode?>' is deprecated. Use activeSttLanguage for STT or activeTtsLanguage for TTS; receive and TTS languages are now independent.
w: file:///D:/new%20itantra/app/src/test/java/com/itantra/core/inference/ActiveLanguageSessionManagerTest.kt:209:36 'val activeLanguage: StateFlow<LanguageCode?>' is deprecated. Use activeSttLanguage for STT or activeTtsLanguage for TTS; receive and TTS languages are now independent.
w: file:///D:/new%20itantra/app/src/test/java/com/itantra/core/inference/ActiveLanguageSessionManagerTest.kt:224:50 'val activeLanguage: StateFlow<LanguageCode?>' is deprecated. Use activeSttLanguage for STT or activeTtsLanguage for TTS; receive and TTS languages are now independent.
w: file:///D:/new%20itantra/app/src/test/java/com/itantra/core/inference/ActiveLanguageSessionManagerTest.kt:259:50 'val activeLanguage: StateFlow<LanguageCode?>' is deprecated. Use activeSttLanguage for STT or activeTtsLanguage for TTS; receive and TTS languages are now independent.
w: file:///D:/new%20itantra/app/src/test/java/com/itantra/core/inference/ActiveLanguageSessionManagerTest.kt:262:36 'val activeLanguage: StateFlow<LanguageCode?>' is deprecated. Use activeSttLanguage for STT or activeTtsLanguage for TTS; receive and TTS languages are now independent.
w: file:///D:/new%20itantra/app/src/test/java/com/itantra/core/inference/HindiSttModelTest.kt:40:9 Only safe (?.) or non-null asserted (!!.) calls are allowed on a nullable receiver of type 'File?'.
w: file:///D:/new%20itantra/app/src/test/java/com/itantra/core/inference/LifecycleOverlapTest.kt:72:50 'val activeLanguage: StateFlow<LanguageCode?>' is deprecated. Use activeSttLanguage for STT or activeTtsLanguage for TTS; receive and TTS languages are now independent.
w: file:///D:/new%20itantra/app/src/test/java/com/itantra/core/inference/LifecycleOverlapTest.kt:120:50 'val activeLanguage: StateFlow<LanguageCode?>' is deprecated. Use activeSttLanguage for STT or activeTtsLanguage for TTS; receive and TTS languages are now independent.
w: file:///D:/new%20itantra/app/src/test/java/com/itantra/core/inference/TtsLifecycleAndStorageTest.kt:214:54 'val activeLanguage: StateFlow<LanguageCode?>' is deprecated. Use activeSttLanguage for STT or activeTtsLanguage for TTS; receive and TTS languages are now independent.
w: file:///D:/new%20itantra/app/src/test/java/com/itantra/core/inference/TtsLifecycleAndStorageTest.kt:220:52 'val activeLanguage: StateFlow<LanguageCode?>' is deprecated. Use activeSttLanguage for STT or activeTtsLanguage for TTS; receive and TTS languages are now independent.
w: file:///D:/new%20itantra/app/src/test/java/com/itantra/core/inference/TtsLifecycleAndStorageTest.kt:250:54 'val activeLanguage: StateFlow<LanguageCode?>' is deprecated. Use activeSttLanguage for STT or activeTtsLanguage for TTS; receive and TTS languages are now independent.
w: file:///D:/new%20itantra/app/src/test/java/com/itantra/core/inference/TtsLifecycleAndStorageTest.kt:269:52 'val activeLanguage: StateFlow<LanguageCode?>' is deprecated. Use activeSttLanguage for STT or activeTtsLanguage for TTS; receive and TTS languages are now independent.
w: file:///D:/new%20itantra/app/src/test/java/com/itantra/core/transceiver/ReceiverTtsTest.kt:110:48 'val activeLanguage: StateFlow<LanguageCode?>' is deprecated. Use activeSttLanguage for STT or activeTtsLanguage for TTS; receive and TTS languages are now independent.
w: file:///D:/new%20itantra/app/src/test/java/com/itantra/core/transceiver/ReceiverTtsTest.kt:248:57 'val activeLanguage: StateFlow<LanguageCode?>' is deprecated. Use activeSttLanguage for STT or activeTtsLanguage for TTS; receive and TTS languages are now independent.
w: file:///D:/new%20itantra/app/src/test/java/com/itantra/core/transceiver/ReceiverTtsTest.kt:341:57 'val activeLanguage: StateFlow<LanguageCode?>' is deprecated. Use activeSttLanguage for STT or activeTtsLanguage for TTS; receive and TTS languages are now independent.
w: file:///D:/new%20itantra/app/src/test/java/com/itantra/core/transceiver/ReceiverTtsTest.kt:360:94 'val activeLanguage: StateFlow<LanguageCode?>' is deprecated. Use activeSttLanguage for STT or activeTtsLanguage for TTS; receive and TTS languages are now independent.
w: file:///D:/new%20itantra/app/src/test/java/com/itantra/feature/diagnostics/PerformanceEfficiencyTest.kt:153:50 'val activeLanguage: StateFlow<LanguageCode?>' is deprecated. Use activeSttLanguage for STT or activeTtsLanguage for TTS; receive and TTS languages are now independent.
w: file:///D:/new%20itantra/app/src/test/java/com/itantra/feature/diagnostics/PerformanceEfficiencyTest.kt:159:52 'val activeLanguage: StateFlow<LanguageCode?>' is deprecated. Use activeSttLanguage for STT or activeTtsLanguage for TTS; receive and TTS languages are now independent.
w: file:///D:/new%20itantra/app/src/test/java/com/itantra/feature/diagnostics/PerformanceEfficiencyTest.kt:164:28 'val activeLanguage: StateFlow<LanguageCode?>' is deprecated. Use activeSttLanguage for STT or activeTtsLanguage for TTS; receive and TTS languages are now independent.
w: file:///D:/new%20itantra/app/src/test/java/com/itantra/feature/diagnostics/PerformanceEfficiencyTest.kt:190:28 'val activeLanguage: StateFlow<LanguageCode?>' is deprecated. Use activeSttLanguage for STT or activeTtsLanguage for TTS; receive and TTS languages are now independent.
w: file:///D:/new%20itantra/app/src/test/java/com/itantra/feature/diagnostics/PerformanceEfficiencyTest.kt:211:28 'val activeLanguage: StateFlow<LanguageCode?>' is deprecated. Use activeSttLanguage for STT or activeTtsLanguage for TTS; receive and TTS languages are now independent.
w: file:///D:/new%20itantra/app/src/test/java/com/itantra/feature/languages/LanguagePacksViewModelTest.kt:113:35 'val activeLanguage: StateFlow<LanguageCode?>' is deprecated. Use activeSttLanguage for STT or activeTtsLanguage for TTS; receive and TTS languages are now independent.

> Task :app:compileDebugUnitTestJavaWithJavac NO-SOURCE
> Task :app:processDebugUnitTestJavaRes UP-TO-DATE
> Task :app:testDebugUnitTest

BUILD SUCCESSFUL in 3m 3s
33 actionable tasks: 18 executed, 15 up-to-date
Consider enabling configuration cache to speed up this build: https://docs.gradle.org/9.5.0/userguide/configuration_cache_enabling.html
