warning: in the working copy of '.gitignore', LF will be replaced by CRLF the next time Git touches it
warning: in the working copy of 'app/build.gradle.kts', LF will be replaced by CRLF the next time Git touches it
warning: in the working copy of 'app/src/main/java/com/example/itantra/data/settings/AppSettings.kt', LF will be replaced by CRLF the next time Git touches it
warning: in the working copy of 'app/src/main/java/com/example/itantra/data/settings/SettingsRepository.kt', LF will be replaced by CRLF the next time Git touches it
warning: in the working copy of 'app/src/main/java/com/example/itantra/ui/components/BatteryIndicator.kt', LF will be replaced by CRLF the next time Git touches it
warning: in the working copy of 'app/src/main/java/com/example/itantra/ui/screens/settings/SettingsViewModel.kt', LF will be replaced by CRLF the next time Git touches it
warning: in the working copy of 'app/src/main/java/com/example/itantra/ui/screens/voicenotes/VoiceNoteGrouping.kt', LF will be replaced by CRLF the next time Git touches it
warning: in the working copy of 'app/src/main/java/com/example/itantra/ui/theme/Color.kt', LF will be replaced by CRLF the next time Git touches it
warning: in the working copy of 'app/src/main/java/com/itantra/core/audio/WavWriter.kt', LF will be replaced by CRLF the next time Git touches it
warning: in the working copy of 'app/src/main/java/com/itantra/core/inference/AdditionalSttModel.kt', LF will be replaced by CRLF the next time Git touches it
warning: in the working copy of 'app/src/main/java/com/itantra/core/inference/FiveLanguageSelfTest.kt', LF will be replaced by CRLF the next time Git touches it
warning: in the working copy of 'app/src/test/java/com/example/itantra/ui/screens/voicenotes/VoiceNoteGroupingTest.kt', LF will be replaced by CRLF the next time Git touches it
warning: in the working copy of 'app/src/test/java/com/itantra/core/inference/AdditionalSttModelTest.kt', LF will be replaced by CRLF the next time Git touches it
warning: in the working copy of 'app/src/test/java/com/itantra/core/inference/FiveLanguageSelfTestTest.kt', LF will be replaced by CRLF the next time Git touches it
warning: in the working copy of 'app/src/test/java/com/itantra/core/inference/MultilingualTtsIntegrationTest.kt', LF will be replaced by CRLF the next time Git touches it
warning: in the working copy of 'app/src/test/java/com/itantra/core/transceiver/PipelineGeneralizationTest.kt', LF will be replaced by CRLF the next time Git touches it
warning: in the working copy of 'app/src/test/java/com/itantra/data/languagepack/RedirectDownloadTest.kt', LF will be replaced by CRLF the next time Git touches it
warning: in the working copy of 'gradle/gradle-daemon-jvm.properties', LF will be replaced by CRLF the next time Git touches it
warning: in the working copy of 'tools/benchmark_five_language_stt.py', LF will be replaced by CRLF the next time Git touches it
warning: in the working copy of 'tools/benchmark_five_language_tts.py', LF will be replaced by CRLF the next time Git touches it
warning: in the working copy of 'tools/evaluate_dolphin_candidate.py', LF will be replaced by CRLF the next time Git touches it
warning: in the working copy of 'tools/evaluate_omnilingual_candidate.py', LF will be replaced by CRLF the next time Git touches it
warning: in the working copy of 'tools/validate_stt.py', LF will be replaced by CRLF the next time Git touches it
