To honour the JVM settings for this build a single-use Daemon process will be forked. For more on this, please refer to https://docs.gradle.org/9.5.0/userguide/gradle_daemon.html#sec:disabling_the_daemon in the Gradle documentation.
Daemon will be stopped at the end of the build 
Kotlin does not yet support 25 JDK target, falling back to Kotlin JVM_24 JVM target
Kotlin does not yet support 25 JDK target, falling back to Kotlin JVM_24 JVM target
> Task :app:preBuild UP-TO-DATE
> Task :app:preDebugBuild UP-TO-DATE
> Task :app:generateDebugBuildConfig UP-TO-DATE
> Task :app:generateDebugResources UP-TO-DATE
> Task :app:packageDebugResources UP-TO-DATE
> Task :app:processDebugNavigationResources UP-TO-DATE
> Task :app:parseDebugLocalResources UP-TO-DATE
> Task :app:generateDebugRFile UP-TO-DATE

> Task :app:kspDebugKotlin UP-TO-DATE
Kotlin does not yet support 25 JDK target, falling back to Kotlin JVM_24 JVM target
Kotlin does not yet support 25 JDK target, falling back to Kotlin JVM_24 JVM target

> Task :app:compileDebugKotlin UP-TO-DATE
> Task :app:javaPreCompileDebug UP-TO-DATE
> Task :app:compileDebugJavaWithJavac UP-TO-DATE
> Task :app:checkDebugAarMetadata UP-TO-DATE
> Task :app:mapDebugSourceSetPaths UP-TO-DATE
> Task :app:compileDebugNavigationResources UP-TO-DATE
> Task :app:mergeDebugResources UP-TO-DATE
> Task :app:createDebugCompatibleScreenManifests UP-TO-DATE
> Task :app:extractDeepLinksDebug UP-TO-DATE
> Task :app:processDebugMainManifest UP-TO-DATE
> Task :app:processDebugManifest UP-TO-DATE
> Task :app:processDebugManifestForPackage UP-TO-DATE
> Task :app:processDebugResources UP-TO-DATE
> Task :app:bundleDebugClassesToRuntimeJar UP-TO-DATE
> Task :app:bundleDebugClassesToCompileJar UP-TO-DATE

> Task :app:kspDebugUnitTestKotlin UP-TO-DATE
Kotlin does not yet support 25 JDK target, falling back to Kotlin JVM_24 JVM target
Kotlin does not yet support 25 JDK target, falling back to Kotlin JVM_24 JVM target

> Task :app:preDebugUnitTestBuild UP-TO-DATE
> Task :app:javaPreCompileDebugUnitTest UP-TO-DATE
> Task :app:generateDebugAssets UP-TO-DATE
> Task :app:mergeDebugAssets UP-TO-DATE
> Task :app:packageDebugUnitTestForUnitTest UP-TO-DATE
> Task :app:mergeDebugUnitTestManifest UP-TO-DATE
> Task :app:processDebugUnitTestManifest UP-TO-DATE
> Task :app:generateDebugUnitTestConfig UP-TO-DATE
> Task :app:processDebugJavaRes UP-TO-DATE
> Task :app:verifySpeechDataLeakage SKIPPED
> Task :app:preDebugAndroidTestBuild SKIPPED
> Task :app:generateDebugAndroidTestLintModel UP-TO-DATE
> Task :app:extractProguardFiles UP-TO-DATE
> Task :app:generateDebugLintReportModel UP-TO-DATE
> Task :app:generateDebugUnitTestLintModel UP-TO-DATE
> Task :app:lintAnalyzeDebug UP-TO-DATE

> Task :app:dependencyInsight
com.squareup.okhttp3:okhttp:3.0.0
  Variant runtime:
    | Attribute Name                                  | Provided     | Requested    |
    |-------------------------------------------------|--------------|--------------|
    | org.gradle.libraryelements                      | jar          |              |
    | org.gradle.status                               | release      |              |
    | org.gradle.category                             | library      | library      |
    | org.gradle.usage                                | java-runtime | java-runtime |
    | com.android.build.api.attributes.AgpVersionAttr |              | 9.3.3        |
    | com.android.build.api.attributes.BuildTypeAttr  |              | debug        |
    | org.gradle.jvm.environment                      |              | android      |
    | org.jetbrains.kotlin.platform.type              |              | androidJvm   |

com.squareup.okhttp3:okhttp:3.0.0
\--- com.google.mlkit:translate:17.0.3
     \--- debugRuntimeClasspath

A web-based, searchable dependency report is available by adding the --scan option.

> Task :app:compileDebugUnitTestKotlin
Fresh audit Kotlin compile override active
w: file:///D:/new%20itantra/app/src/test/java/com/itantra/core/inference/ActiveLanguageSessionManagerTest.kt:77:50 'val activeLanguage: StateFlow<LanguageCode?>' is deprecated. Use activeSttLanguage for STT or activeTtsLanguage for TTS; receive and TTS languages are now independent.
w: file:///D:/new%20itantra/app/src/test/java/com/itantra/core/inference/ActiveLanguageSessionManagerTest.kt:91:50 'val activeLanguage: StateFlow<LanguageCode?>' is deprecated. Use activeSttLanguage for STT or activeTtsLanguage for TTS; receive and TTS languages are now independent.
w: file:///D:/new%20itantra/app/src/test/java/com/itantra/core/inference/ActiveLanguageSessionManagerTest.kt:122:36 'val activeLanguage: StateFlow<LanguageCode?>' is deprecated. Use activeSttLanguage for STT or activeTtsLanguage for TTS; receive and TTS languages are now independent.
w: file:///D:/new%20itantra/app/src/test/java/com/itantra/core/inference/ActiveLanguageSessionManagerTest.kt:137:29 'val activeLanguage: StateFlow<LanguageCode?>' is deprecated. Use activeSttLanguage for STT or activeTtsLanguage for TTS; receive and TTS languages are now independent.
w: file:///D:/new%20itantra/app/src/test/java/com/itantra/core/inference/ActiveLanguageSessionManagerTest.kt:166:36 'val activeLanguage: StateFlow<LanguageCode?>' is deprecated. Use activeSttLanguage for STT or activeTtsLanguage for TTS; receive and TTS languages are now independent.
w: file:///D:/new%20itantra/app/src/test/java/com/itantra/core/inference/ActiveLanguageSessionManagerTest.kt:193:36 'val activeLanguage: StateFlow<LanguageCode?>' is deprecated. Use activeSttLanguage for STT or activeTtsLanguage for TTS; receive and TTS languages are now independent.
w: file:///D:/new%20itantra/app/src/test/java/com/itantra/core/inference/ActiveLanguageSessionManagerTest.kt:209:36 'val activeLanguage: StateFlow<LanguageCode?>' is deprecated. Use activeSttLanguage for STT or activeTtsLanguage for TTS; receive and TTS languages are now independent.
w: file:///D:/new%20itantra/app/src/test/java/com/itantra/core/inference/ActiveLanguageSessionManagerTest.kt:224:50 'val activeLanguage: StateFlow<LanguageCode?>' is deprecated. Use activeSttLanguage for STT or activeTtsLanguage for TTS; receive and TTS languages are now independent.
w: file:///D:/new%20itantra/app/src/test/java/com/itantra/core/inference/ActiveLanguageSessionManagerTest.kt:259:50 'val activeLanguage: StateFlow<LanguageCode?>' is deprecated. Use activeSttLanguage for STT or activeTtsLanguage for TTS; receive and TTS languages are now independent.
w: file:///D:/new%20itantra/app/src/test/java/com/itantra/core/inference/ActiveLanguageSessionManagerTest.kt:262:36 'val activeLanguage: StateFlow<LanguageCode?>' is deprecated. Use activeSttLanguage for STT or activeTtsLanguage for TTS; receive and TTS languages are now independent.
w: file:///D:/new%20itantra/app/src/test/java/com/itantra/core/inference/HindiSttModelTest.kt:40:9 Only safe (?.) or non-null asserted (!!.) calls are allowed on a nullable receiver of type 'File?'.
w: file:///D:/new%20itantra/app/src/test/java/com/itantra/core/inference/LifecycleOverlapTest.kt:72:50 'val activeLanguage: StateFlow<LanguageCode?>' is deprecated. Use activeSttLanguage for STT or activeTtsLanguage for TTS; receive and TTS languages are now independent.
w: file:///D:/new%20itantra/app/src/test/java/com/itantra/core/inference/LifecycleOverlapTest.kt:120:50 'val activeLanguage: StateFlow<LanguageCode?>' is deprecated. Use activeSttLanguage for STT or activeTtsLanguage for TTS; receive and TTS languages are now independent.
w: file:///D:/new%20itantra/app/src/test/java/com/itantra/core/inference/TtsLifecycleAndStorageTest.kt:214:54 'val activeLanguage: StateFlow<LanguageCode?>' is deprecated. Use activeSttLanguage for STT or activeTtsLanguage for TTS; receive and TTS languages are now independent.
w: file:///D:/new%20itantra/app/src/test/java/com/itantra/core/inference/TtsLifecycleAndStorageTest.kt:220:52 'val activeLanguage: StateFlow<LanguageCode?>' is deprecated. Use activeSttLanguage for STT or activeTtsLanguage for TTS; receive and TTS languages are now independent.
w: file:///D:/new%20itantra/app/src/test/java/com/itantra/core/inference/TtsLifecycleAndStorageTest.kt:250:54 'val activeLanguage: StateFlow<LanguageCode?>' is deprecated. Use activeSttLanguage for STT or activeTtsLanguage for TTS; receive and TTS languages are now independent.
w: file:///D:/new%20itantra/app/src/test/java/com/itantra/core/inference/TtsLifecycleAndStorageTest.kt:269:52 'val activeLanguage: StateFlow<LanguageCode?>' is deprecated. Use activeSttLanguage for STT or activeTtsLanguage for TTS; receive and TTS languages are now independent.
w: file:///D:/new%20itantra/app/src/test/java/com/itantra/core/transceiver/ReceiverTtsTest.kt:110:48 'val activeLanguage: StateFlow<LanguageCode?>' is deprecated. Use activeSttLanguage for STT or activeTtsLanguage for TTS; receive and TTS languages are now independent.
w: file:///D:/new%20itantra/app/src/test/java/com/itantra/core/transceiver/ReceiverTtsTest.kt:248:57 'val activeLanguage: StateFlow<LanguageCode?>' is deprecated. Use activeSttLanguage for STT or activeTtsLanguage for TTS; receive and TTS languages are now independent.
w: file:///D:/new%20itantra/app/src/test/java/com/itantra/core/transceiver/ReceiverTtsTest.kt:341:57 'val activeLanguage: StateFlow<LanguageCode?>' is deprecated. Use activeSttLanguage for STT or activeTtsLanguage for TTS; receive and TTS languages are now independent.
w: file:///D:/new%20itantra/app/src/test/java/com/itantra/core/transceiver/ReceiverTtsTest.kt:360:94 'val activeLanguage: StateFlow<LanguageCode?>' is deprecated. Use activeSttLanguage for STT or activeTtsLanguage for TTS; receive and TTS languages are now independent.
w: file:///D:/new%20itantra/app/src/test/java/com/itantra/feature/diagnostics/PerformanceEfficiencyTest.kt:153:50 'val activeLanguage: StateFlow<LanguageCode?>' is deprecated. Use activeSttLanguage for STT or activeTtsLanguage for TTS; receive and TTS languages are now independent.
w: file:///D:/new%20itantra/app/src/test/java/com/itantra/feature/diagnostics/PerformanceEfficiencyTest.kt:159:52 'val activeLanguage: StateFlow<LanguageCode?>' is deprecated. Use activeSttLanguage for STT or activeTtsLanguage for TTS; receive and TTS languages are now independent.
w: file:///D:/new%20itantra/app/src/test/java/com/itantra/feature/diagnostics/PerformanceEfficiencyTest.kt:164:28 'val activeLanguage: StateFlow<LanguageCode?>' is deprecated. Use activeSttLanguage for STT or activeTtsLanguage for TTS; receive and TTS languages are now independent.
w: file:///D:/new%20itantra/app/src/test/java/com/itantra/feature/diagnostics/PerformanceEfficiencyTest.kt:190:28 'val activeLanguage: StateFlow<LanguageCode?>' is deprecated. Use activeSttLanguage for STT or activeTtsLanguage for TTS; receive and TTS languages are now independent.
w: file:///D:/new%20itantra/app/src/test/java/com/itantra/feature/diagnostics/PerformanceEfficiencyTest.kt:211:28 'val activeLanguage: StateFlow<LanguageCode?>' is deprecated. Use activeSttLanguage for STT or activeTtsLanguage for TTS; receive and TTS languages are now independent.
w: file:///D:/new%20itantra/app/src/test/java/com/itantra/feature/languages/LanguagePacksViewModelTest.kt:113:35 'val activeLanguage: StateFlow<LanguageCode?>' is deprecated. Use activeSttLanguage for STT or activeTtsLanguage for TTS; receive and TTS languages are now independent.

> Task :app:compileDebugUnitTestJavaWithJavac NO-SOURCE
> Task :app:processDebugUnitTestJavaRes
WARNING: A restricted method in java.lang.System has been called
WARNING: java.lang.System::load has been called by org.sqlite.SQLiteJDBCLoader in an unnamed module (file:/C:/Users/avira/.gradle/caches/modules-2/files-2.1/org.xerial/sqlite-jdbc/3.45.1.0/7cd66c2793e4d9511f6da8fc6c621575171c2da1/sqlite-jdbc-3.45.1.0.jar)
WARNING: Use --enable-native-access=ALL-UNNAMED to avoid a warning for callers in this module
WARNING: Restricted methods will be blocked in a future release unless native access is enabled


> Task :app:testDebugUnitTest

FreshAuditTest > migrationSqlAndIndependentDelete FAILED
    java.io.FileNotFoundException at FreshAuditTest.kt:155

11 tests completed, 1 failed

> Task :app:lintAnalyzeDebugAndroidTest
> Task :app:testDebugUnitTest FAILED
> Task :app:lintAnalyzeDebugUnitTest

> Task :app:lintReportDebug
Wrote HTML report to file:///D:/new%20itantra/audit/2026-10-04/build/app/reports/lint-results-debug.html
Wrote SARIF report to file:///D:/new%20itantra/audit/2026-10-04/build/app/reports/lint-results-debug.sarif

> Task :app:lintDebug
43 actionable tasks: 8 executed, 35 up-to-date

FAILURE: Build failed with an exception.

* What went wrong:
Execution failed for task ':app:testDebugUnitTest'.
> There were failing tests. See the report at: file:///D:/new%20itantra/audit/2026-10-04/build/app/reports/tests/testDebugUnitTest/index.html

* Try:
> Run with --scan to get full insights from a Build Scan (powered by Develocity).

BUILD FAILED in 9m 6s
